
Allocating common symbols
Common symbol       size              file

timingdelay         0x4               ..\obj\delay.o

Discarded input sections

 .text          0x00000000        0x0 ..\obj\delay.o
 .data          0x00000000        0x0 ..\obj\delay.o
 .bss           0x00000000        0x0 ..\obj\delay.o
 .text.tdelay   0x00000000       0x28 ..\obj\delay.o
 .text          0x00000000        0x0 ..\obj\motion.o
 .data          0x00000000        0x0 ..\obj\motion.o
 .bss           0x00000000        0x0 ..\obj\motion.o
 .text          0x00000000        0x0 ..\obj\startup_stm32f10x_md_vl.o
 .data          0x00000000        0x0 ..\obj\startup_stm32f10x_md_vl.o
 .bss           0x00000000        0x0 ..\obj\startup_stm32f10x_md_vl.o
 .text          0x00000000        0x0 ..\obj\system_stm32f10x.o
 .bss           0x00000000        0x0 ..\obj\system_stm32f10x.o
 .text.SystemCoreClockUpdate
                0x00000000       0xd4 ..\obj\system_stm32f10x.o
 .text          0x00000000        0x0 ..\obj\initialsetting_controller.o
 .data          0x00000000        0x0 ..\obj\initialsetting_controller.o
 .bss           0x00000000        0x0 ..\obj\initialsetting_controller.o
 .text          0x00000000        0x0 ..\obj\initialsetting.o
 .data          0x00000000        0x0 ..\obj\initialsetting.o
 .bss           0x00000000        0x0 ..\obj\initialsetting.o
 .text.GPIO_Configuration_default
                0x00000000       0x48 ..\obj\initialsetting.o
 .debug_info    0x00000000      0x215 ..\obj\initialsetting.o
 .debug_abbrev  0x00000000       0xed ..\obj\initialsetting.o
 .debug_aranges
                0x00000000       0x20 ..\obj\initialsetting.o
 .debug_ranges  0x00000000       0x10 ..\obj\initialsetting.o
 .debug_line    0x00000000      0x250 ..\obj\initialsetting.o
 .debug_str     0x00000000      0x2f7 ..\obj\initialsetting.o
 .comment       0x00000000       0x71 ..\obj\initialsetting.o
 .debug_frame   0x00000000       0x34 ..\obj\initialsetting.o
 .ARM.attributes
                0x00000000       0x33 ..\obj\initialsetting.o
 .text          0x00000000        0x0 ..\obj\stm32f10x_gpio.o
 .data          0x00000000        0x0 ..\obj\stm32f10x_gpio.o
 .bss           0x00000000        0x0 ..\obj\stm32f10x_gpio.o
 .text.GPIO_DeInit
                0x00000000       0xe4 ..\obj\stm32f10x_gpio.o
 .text.GPIO_AFIODeInit
                0x00000000       0x18 ..\obj\stm32f10x_gpio.o
 .text.GPIO_StructInit
                0x00000000       0x28 ..\obj\stm32f10x_gpio.o
 .text.GPIO_ReadInputDataBit
                0x00000000       0x34 ..\obj\stm32f10x_gpio.o
 .text.GPIO_ReadInputData
                0x00000000       0x1c ..\obj\stm32f10x_gpio.o
 .text.GPIO_ReadOutputDataBit
                0x00000000       0x34 ..\obj\stm32f10x_gpio.o
 .text.GPIO_ReadOutputData
                0x00000000       0x1c ..\obj\stm32f10x_gpio.o
 .text.GPIO_SetBits
                0x00000000       0x1c ..\obj\stm32f10x_gpio.o
 .text.GPIO_ResetBits
                0x00000000       0x1c ..\obj\stm32f10x_gpio.o
 .text.GPIO_WriteBit
                0x00000000       0x30 ..\obj\stm32f10x_gpio.o
 .text.GPIO_Write
                0x00000000       0x1c ..\obj\stm32f10x_gpio.o
 .text.GPIO_PinLockConfig
                0x00000000       0x44 ..\obj\stm32f10x_gpio.o
 .text.GPIO_EventOutputConfig
                0x00000000       0x4c ..\obj\stm32f10x_gpio.o
 .text.GPIO_EventOutputCmd
                0x00000000       0x20 ..\obj\stm32f10x_gpio.o
 .text.GPIO_PinRemapConfig
                0x00000000       0xe0 ..\obj\stm32f10x_gpio.o
 .text.GPIO_EXTILineConfig
                0x00000000       0x84 ..\obj\stm32f10x_gpio.o
 .text.GPIO_ETH_MediaInterfaceConfig
                0x00000000       0x1c ..\obj\stm32f10x_gpio.o
 .text          0x00000000        0x0 ..\obj\main.o
 .data          0x00000000        0x0 ..\obj\main.o
 .bss           0x00000000        0x0 ..\obj\main.o
 .text          0x00000000        0x0 ..\obj\stm32f10x_rcc.o
 .bss           0x00000000        0x0 ..\obj\stm32f10x_rcc.o
 .text.RCC_DeInit
                0x00000000       0x64 ..\obj\stm32f10x_rcc.o
 .text.RCC_HSEConfig
                0x00000000       0x5c ..\obj\stm32f10x_rcc.o
 .text.RCC_WaitForHSEStartUp
                0x00000000       0x50 ..\obj\stm32f10x_rcc.o
 .text.RCC_AdjustHSICalibrationValue
                0x00000000       0x3c ..\obj\stm32f10x_rcc.o
 .text.RCC_HSICmd
                0x00000000       0x20 ..\obj\stm32f10x_rcc.o
 .text.RCC_PLLConfig
                0x00000000       0x3c ..\obj\stm32f10x_rcc.o
 .text.RCC_PLLCmd
                0x00000000       0x20 ..\obj\stm32f10x_rcc.o
 .text.RCC_PREDIV1Config
                0x00000000       0x40 ..\obj\stm32f10x_rcc.o
 .text.RCC_SYSCLKConfig
                0x00000000       0x38 ..\obj\stm32f10x_rcc.o
 .text.RCC_GetSYSCLKSource
                0x00000000       0x20 ..\obj\stm32f10x_rcc.o
 .text.RCC_HCLKConfig
                0x00000000       0x38 ..\obj\stm32f10x_rcc.o
 .text.RCC_PCLK1Config
                0x00000000       0x38 ..\obj\stm32f10x_rcc.o
 .text.RCC_PCLK2Config
                0x00000000       0x38 ..\obj\stm32f10x_rcc.o
 .text.RCC_ITConfig
                0x00000000       0x4c ..\obj\stm32f10x_rcc.o
 .text.RCC_USBCLKConfig
                0x00000000       0x1c ..\obj\stm32f10x_rcc.o
 .text.RCC_ADCCLKConfig
                0x00000000       0x38 ..\obj\stm32f10x_rcc.o
 .text.RCC_LSEConfig
                0x00000000       0x40 ..\obj\stm32f10x_rcc.o
 .text.RCC_LSICmd
                0x00000000       0x20 ..\obj\stm32f10x_rcc.o
 .text.RCC_RTCCLKConfig
                0x00000000       0x24 ..\obj\stm32f10x_rcc.o
 .text.RCC_RTCCLKCmd
                0x00000000       0x20 ..\obj\stm32f10x_rcc.o
 .text.RCC_AHBPeriphClockCmd
                0x00000000       0x3c ..\obj\stm32f10x_rcc.o
 .text.RCC_APB1PeriphClockCmd
                0x00000000       0x3c ..\obj\stm32f10x_rcc.o
 .text.RCC_APB2PeriphResetCmd
                0x00000000       0x3c ..\obj\stm32f10x_rcc.o
 .text.RCC_APB1PeriphResetCmd
                0x00000000       0x3c ..\obj\stm32f10x_rcc.o
 .text.RCC_BackupResetCmd
                0x00000000       0x20 ..\obj\stm32f10x_rcc.o
 .text.RCC_ClockSecuritySystemCmd
                0x00000000       0x20 ..\obj\stm32f10x_rcc.o
 .text.RCC_MCOConfig
                0x00000000       0x20 ..\obj\stm32f10x_rcc.o
 .text.RCC_GetFlagStatus
                0x00000000       0x74 ..\obj\stm32f10x_rcc.o
 .text.RCC_ClearFlag
                0x00000000       0x1c ..\obj\stm32f10x_rcc.o
 .text.RCC_GetITStatus
                0x00000000       0x38 ..\obj\stm32f10x_rcc.o
 .text.RCC_ClearITPendingBit
                0x00000000       0x20 ..\obj\stm32f10x_rcc.o
 .text          0x00000000        0x0 ..\obj\stm32f10x_usart.o
 .data          0x00000000        0x0 ..\obj\stm32f10x_usart.o
 .bss           0x00000000        0x0 ..\obj\stm32f10x_usart.o
 .text.USART_DeInit
                0x00000000       0xb8 ..\obj\stm32f10x_usart.o
 .text.USART_StructInit
                0x00000000       0x38 ..\obj\stm32f10x_usart.o
 .text.USART_ClockInit
                0x00000000       0x58 ..\obj\stm32f10x_usart.o
 .text.USART_ClockStructInit
                0x00000000       0x2c ..\obj\stm32f10x_usart.o
 .text.USART_ITConfig
                0x00000000       0x90 ..\obj\stm32f10x_usart.o
 .text.USART_DMACmd
                0x00000000       0x48 ..\obj\stm32f10x_usart.o
 .text.USART_SetAddress
                0x00000000       0x38 ..\obj\stm32f10x_usart.o
 .text.USART_WakeUpConfig
                0x00000000       0x38 ..\obj\stm32f10x_usart.o
 .text.USART_ReceiverWakeUpCmd
                0x00000000       0x40 ..\obj\stm32f10x_usart.o
 .text.USART_LINBreakDetectLengthConfig
                0x00000000       0x38 ..\obj\stm32f10x_usart.o
 .text.USART_LINCmd
                0x00000000       0x40 ..\obj\stm32f10x_usart.o
 .text.USART_SendData
                0x00000000       0x24 ..\obj\stm32f10x_usart.o
 .text.USART_ReceiveData
                0x00000000       0x20 ..\obj\stm32f10x_usart.o
 .text.USART_SendBreak
                0x00000000       0x24 ..\obj\stm32f10x_usart.o
 .text.USART_SetGuardTime
                0x00000000       0x3c ..\obj\stm32f10x_usart.o
 .text.USART_SetPrescaler
                0x00000000       0x38 ..\obj\stm32f10x_usart.o
 .text.USART_SmartCardCmd
                0x00000000       0x40 ..\obj\stm32f10x_usart.o
 .text.USART_SmartCardNACKCmd
                0x00000000       0x40 ..\obj\stm32f10x_usart.o
 .text.USART_HalfDuplexCmd
                0x00000000       0x40 ..\obj\stm32f10x_usart.o
 .text.USART_OverSampling8Cmd
                0x00000000       0x44 ..\obj\stm32f10x_usart.o
 .text.USART_OneBitMethodCmd
                0x00000000       0x40 ..\obj\stm32f10x_usart.o
 .text.USART_IrDAConfig
                0x00000000       0x38 ..\obj\stm32f10x_usart.o
 .text.USART_IrDACmd
                0x00000000       0x40 ..\obj\stm32f10x_usart.o
 .text.USART_GetFlagStatus
                0x00000000       0x38 ..\obj\stm32f10x_usart.o
 .text.USART_ClearFlag
                0x00000000       0x20 ..\obj\stm32f10x_usart.o
 .text.USART_GetITStatus
                0x00000000       0xb8 ..\obj\stm32f10x_usart.o
 .text.USART_ClearITPendingBit
                0x00000000       0x38 ..\obj\stm32f10x_usart.o
 .text          0x00000000        0x0 ..\obj\servo.o
 .data          0x00000000        0x0 ..\obj\servo.o
 .bss           0x00000000        0x0 ..\obj\servo.o
 .text.Conversepacket
                0x00000000       0xe0 ..\obj\servo.o
 .text.Conversepacket_torque
                0x00000000       0xc0 ..\obj\servo.o
 .text.Servosample
                0x00000000      0x1c4 ..\obj\servo.o
 .text          0x00000000        0x0 ..\obj\syscalls.o
 .data          0x00000000        0x0 ..\obj\syscalls.o
 .bss           0x00000000        0x4 ..\obj\syscalls.o
 .text._sbrk    0x00000000       0x40 ..\obj\syscalls.o
 .text.link     0x00000000       0x1c ..\obj\syscalls.o
 .text._close   0x00000000       0x18 ..\obj\syscalls.o
 .text._fstat   0x00000000       0x20 ..\obj\syscalls.o
 .text._isatty  0x00000000       0x18 ..\obj\syscalls.o
 .text._lseek   0x00000000       0x1c ..\obj\syscalls.o
 .text._read    0x00000000       0x1c ..\obj\syscalls.o
 .text._write   0x00000000       0x1c ..\obj\syscalls.o
 .text.abort    0x00000000        0x8 ..\obj\syscalls.o
 .debug_info    0x00000000      0x3ee ..\obj\syscalls.o
 .debug_abbrev  0x00000000       0xe2 ..\obj\syscalls.o
 .debug_aranges
                0x00000000       0x60 ..\obj\syscalls.o
 .debug_ranges  0x00000000       0x50 ..\obj\syscalls.o
 .debug_line    0x00000000      0x18c ..\obj\syscalls.o
 .debug_str     0x00000000      0x2fb ..\obj\syscalls.o
 .comment       0x00000000       0x71 ..\obj\syscalls.o
 .debug_frame   0x00000000      0x168 ..\obj\syscalls.o
 .ARM.attributes
                0x00000000       0x33 ..\obj\syscalls.o
 .text          0x00000000        0x0 ..\obj\misc.o
 .data          0x00000000        0x0 ..\obj\misc.o
 .bss           0x00000000        0x0 ..\obj\misc.o
 .text.NVIC_PriorityGroupConfig
                0x00000000       0x24 ..\obj\misc.o
 .text.NVIC_Init
                0x00000000       0xc4 ..\obj\misc.o
 .text.NVIC_SetVectorTable
                0x00000000       0x2c ..\obj\misc.o
 .text.NVIC_SystemLPConfig
                0x00000000       0x40 ..\obj\misc.o
 .text.SysTick_CLKSourceConfig
                0x00000000       0x38 ..\obj\misc.o
 .debug_info    0x00000000      0x53d ..\obj\misc.o
 .debug_abbrev  0x00000000      0x145 ..\obj\misc.o
 .debug_aranges
                0x00000000       0x40 ..\obj\misc.o
 .debug_ranges  0x00000000       0x30 ..\obj\misc.o
 .debug_line    0x00000000      0x29e ..\obj\misc.o
 .debug_str     0x00000000      0x3dd ..\obj\misc.o
 .comment       0x00000000       0x71 ..\obj\misc.o
 .debug_frame   0x00000000       0xd8 ..\obj\misc.o
 .ARM.attributes
                0x00000000       0x33 ..\obj\misc.o

Memory Configuration

Name             Origin             Length             Attributes
rom              0x08000000         0x00020000         xr
ram              0x20000000         0x00002000         xrw
*default*        0x00000000         0xffffffff

Linker script and memory map

                0x20002000                _eram = 0x20002000

.text           0x08000000      0x984
 *(.isr_vector)
 .isr_vector    0x08000000      0x124 ..\obj\startup_stm32f10x_md_vl.o
                0x08000000                g_pfnVectors
 *(.text*)
 .text.NVIC_SetPriority
                0x08000124       0x54 ..\obj\delay.o
 .text.SysTick_Config
                0x08000178       0x44 ..\obj\delay.o
 .text.delay_Configuration
                0x080001bc       0x28 ..\obj\delay.o
                0x080001bc                delay_Configuration
 .text.SysTick_Handler
                0x080001e4       0x24 ..\obj\delay.o
                0x080001e4                SysTick_Handler
 .text.motion_select
                0x08000208        0xc ..\obj\motion.o
                0x08000208                motion_select
 .text.Default_Reset_Handler
                0x08000214       0x5c ..\obj\startup_stm32f10x_md_vl.o
                0x08000214                Default_Reset_Handler
                0x08000214                Reset_Handler
 .text.Default_Handler
                0x08000270        0x8 ..\obj\startup_stm32f10x_md_vl.o
                0x08000270                EXTI2_IRQHandler
                0x08000270                DebugMon_Handler
                0x08000270                TIM1_CC_IRQHandler
                0x08000270                HardFault_Handler
                0x08000270                PVD_IRQHandler
                0x08000270                PendSV_Handler
                0x08000270                NMI_Handler
                0x08000270                EXTI3_IRQHandler
                0x08000270                EXTI0_IRQHandler
                0x08000270                I2C2_EV_IRQHandler
                0x08000270                TIM1_UP_TIM16_IRQHandler
                0x08000270                UsageFault_Handler
                0x08000270                SPI1_IRQHandler
                0x08000270                TAMPER_IRQHandler
                0x08000270                TIM6_DAC_IRQHandler
                0x08000270                DMA1_Channel4_IRQHandler
                0x08000270                ADC1_IRQHandler
                0x08000270                USART3_IRQHandler
                0x08000270                RTC_IRQHandler
                0x08000270                DMA1_Channel7_IRQHandler
                0x08000270                TIM4_IRQHandler
                0x08000270                I2C1_EV_IRQHandler
                0x08000270                DMA1_Channel6_IRQHandler
                0x08000270                TIM3_IRQHandler
                0x08000270                RCC_IRQHandler
                0x08000270                DMA1_Channel1_IRQHandler
                0x08000270                CEC_IRQHandler
                0x08000270                EXTI15_10_IRQHandler
                0x08000270                TIM7_IRQHandler
                0x08000270                EXTI9_5_IRQHandler
                0x08000270                SPI2_IRQHandler
                0x08000270                MemManage_Handler
                0x08000270                SVC_Handler
                0x08000270                DMA1_Channel5_IRQHandler
                0x08000270                EXTI4_IRQHandler
                0x08000270                TIM1_TRG_COM_TIM17_IRQHandler
                0x08000270                DMA1_Channel3_IRQHandler
                0x08000270                WWDG_IRQHandler
                0x08000270                TIM2_IRQHandler
                0x08000270                EXTI1_IRQHandler
                0x08000270                RTCAlarm_IRQHandler
                0x08000270                USART2_IRQHandler
                0x08000270                I2C2_ER_IRQHandler
                0x08000270                DMA1_Channel2_IRQHandler
                0x08000270                FLASH_IRQHandler
                0x08000270                BusFault_Handler
                0x08000270                USART1_IRQHandler
                0x08000270                I2C1_ER_IRQHandler
                0x08000270                TIM1_BRK_TIM15_IRQHandler
 .text.SystemInit
                0x08000278       0x6c ..\obj\system_stm32f10x.o
                0x08000278                SystemInit
 .text.SetSysClock
                0x080002e4        0xc ..\obj\system_stm32f10x.o
 .text.SetSysClockTo24
                0x080002f0       0xd4 ..\obj\system_stm32f10x.o
 .text.GPIO_Configuration
                0x080003c4       0x5c ..\obj\initialsetting_controller.o
                0x080003c4                GPIO_Configuration
 .text.GPIO_Init
                0x08000420      0x180 ..\obj\stm32f10x_gpio.o
                0x08000420                GPIO_Init
 .text.main     0x080005a0       0x1c ..\obj\main.o
                0x080005a0                main
 .text.RCC_GetClocksFreq
                0x080005bc      0x15c ..\obj\stm32f10x_rcc.o
                0x080005bc                RCC_GetClocksFreq
 .text.RCC_APB2PeriphClockCmd
                0x08000718       0x3c ..\obj\stm32f10x_rcc.o
                0x08000718                RCC_APB2PeriphClockCmd
 .text.USART_Init
                0x08000754      0x174 ..\obj\stm32f10x_usart.o
                0x08000754                USART_Init
 .text.USART_Cmd
                0x080008c8       0x40 ..\obj\stm32f10x_usart.o
                0x080008c8                USART_Cmd
 .text.USART1_Configuration
                0x08000908       0x7c ..\obj\servo.o
                0x08000908                USART1_Configuration
 *(.init)
 *(.fini)
 *crtbegin.o(.ctors)
 *crtbegin?.o(.ctors)
 *(EXCLUDE_FILE(*crtend.o *crtend?.o) .ctors)
 *(SORT(.ctors.*))
 *(.ctors)
 *crtbegin.o(.dtors)
 *crtbegin?.o(.dtors)
 *(EXCLUDE_FILE(*crtend.o *crtend?.o) .dtors)
 *(SORT(.dtors.*))
 *(.dtors)
 *(.rodata*)
 *(.eh_fram e*)

.glue_7         0x08000984        0x0
 .glue_7        0x00000000        0x0 linker stubs

.glue_7t        0x08000984        0x0
 .glue_7t       0x00000000        0x0 linker stubs

.vfp11_veneer   0x08000984        0x0
 .vfp11_veneer  0x00000000        0x0 linker stubs

.v4_bx          0x08000984        0x0
 .v4_bx         0x00000000        0x0 linker stubs

.iplt           0x08000984        0x0
 .iplt          0x00000000        0x0 ..\obj\delay.o

.rel.dyn        0x08000984        0x0
 .rel.iplt      0x00000000        0x0 ..\obj\delay.o

.ARM.extab
 *(.ARM.extab* .gnu.linkonce.armextab.*)
                0x08000984                __exidx_start = .

.ARM.exidx
 *(.ARM.exidx* .gnu.linkonce.armexidx.*)
                0x08000984                __exidx_end = .
                0x08000984                __etext = .
                0x08000984                _sidata = __etext

.data           0x20000000       0x28 load address 0x08000984
                0x20000000                __data_start__ = .
                0x20000000                _sdata = __data_start__
 *(vtable)
 *(.data*)
 .data          0x20000000       0x14 ..\obj\system_stm32f10x.o
                0x20000000                SystemCoreClock
                0x20000004                AHBPrescTable
 .data          0x20000014       0x14 ..\obj\stm32f10x_rcc.o
                0x20000028                . = ALIGN (0x4)
                0x20000028                PROVIDE (__preinit_array_start, .)
 *(.preinit_array)
                0x20000028                PROVIDE (__preinit_array_end, .)
                0x20000028                . = ALIGN (0x4)
                0x20000028                PROVIDE (__init_array_start, .)
 *(SORT(.init_array.*))
 *(.init_array)
                0x20000028                PROVIDE (__init_array_end, .)
                0x20000028                . = ALIGN (0x4)
                0x20000028                PROVIDE (__fini_array_start, .)
 *(SORT(.fini_array.*))
 *(.fini_array)
                0x20000028                PROVIDE (__fini_array_end, .)
 *(.jcr*)
                0x20000028                . = ALIGN (0x4)
                0x20000028                __data_end__ = .
                0x20000028                _edata = __data_end__

.igot.plt       0x20000028        0x0 load address 0x080009ac
 .igot.plt      0x00000000        0x0 ..\obj\delay.o

.bss            0x20000028        0x4 load address 0x080009ac
                0x20000028                . = ALIGN (0x4)
                0x20000028                __bss_start__ = .
                0x20000028                _sbss = __bss_start__
 *(.bss*)
 *(COMMON)
 COMMON         0x20000028        0x4 ..\obj\delay.o
                0x20000028                timingdelay
                0x2000002c                . = ALIGN (0x4)
                0x2000002c                __bss_end__ = .
                0x2000002c                _ebss = __bss_end__

.heap           0x2000002c        0x0
                0x2000002c                __end__ = .
                0x2000002c                _end = __end__
                0x2000002c                end = __end__
 *(.heap*)
                0x2000002c                __HeapLimit = .

.co_stack       0x2000002c      0x404 load address 0x080009b0
                0x20000030                . = ALIGN (0x8)
 *fill*         0x2000002c        0x4 
 *(.co_stack .co_stack.*)
 .co_stack      0x20000030      0x400 ..\obj\startup_stm32f10x_md_vl.o
                0x20000030                pulStack
                0x20002000                __StackTop = (ORIGIN (ram) + 0x2000)
                0x20001bfc                __StackLimit = (__StackTop - SIZEOF (.co_stack))
                0x20002000                PROVIDE (__stack, __StackTop)
                0x00000001                ASSERT ((__StackLimit >= __HeapLimit), region ram  overflowed with stack)
LOAD ..\obj\delay.o
LOAD ..\obj\motion.o
LOAD ..\obj\startup_stm32f10x_md_vl.o
LOAD ..\obj\system_stm32f10x.o
LOAD ..\obj\initialsetting_controller.o
LOAD ..\obj\initialsetting.o
LOAD ..\obj\stm32f10x_gpio.o
LOAD ..\obj\main.o
LOAD ..\obj\stm32f10x_rcc.o
LOAD ..\obj\stm32f10x_usart.o
LOAD ..\obj\servo.o
LOAD ..\obj\syscalls.o
LOAD ..\obj\misc.o
START GROUP
LOAD c:/program files (x86)/gnu tools arm embedded/4.9 2015q2/bin/../lib/gcc/arm-none-eabi/4.9.3/armv7-m\libgcc.a
LOAD c:/program files (x86)/gnu tools arm embedded/4.9 2015q2/bin/../lib/gcc/arm-none-eabi/4.9.3/../../../../arm-none-eabi/lib/armv7-m\libg.a
LOAD c:/program files (x86)/gnu tools arm embedded/4.9 2015q2/bin/../lib/gcc/arm-none-eabi/4.9.3/../../../../arm-none-eabi/lib/armv7-m\libc.a
END GROUP
OUTPUT(test0909.elf elf32-littlearm)

.debug_info     0x00000000     0x2cf9
 .debug_info    0x00000000      0x5d7 ..\obj\delay.o
 .debug_info    0x000005d7       0xa7 ..\obj\motion.o
 .debug_info    0x0000067e       0xe9 ..\obj\startup_stm32f10x_md_vl.o
 .debug_info    0x00000767      0x41a ..\obj\system_stm32f10x.o
 .debug_info    0x00000b81      0x215 ..\obj\initialsetting_controller.o
 .debug_info    0x00000d96      0x6e7 ..\obj\stm32f10x_gpio.o
 .debug_info    0x0000147d       0xab ..\obj\main.o
 .debug_info    0x00001528      0x8fa ..\obj\stm32f10x_rcc.o
 .debug_info    0x00001e22      0x9e8 ..\obj\stm32f10x_usart.o
 .debug_info    0x0000280a      0x4ef ..\obj\servo.o

.debug_abbrev   0x00000000      0xb8a
 .debug_abbrev  0x00000000      0x1a6 ..\obj\delay.o
 .debug_abbrev  0x000001a6       0x65 ..\obj\motion.o
 .debug_abbrev  0x0000020b       0xa7 ..\obj\startup_stm32f10x_md_vl.o
 .debug_abbrev  0x000002b2      0x14c ..\obj\system_stm32f10x.o
 .debug_abbrev  0x000003fe       0xed ..\obj\initialsetting_controller.o
 .debug_abbrev  0x000004eb      0x1c8 ..\obj\stm32f10x_gpio.o
 .debug_abbrev  0x000006b3       0x67 ..\obj\main.o
 .debug_abbrev  0x0000071a      0x1ba ..\obj\stm32f10x_rcc.o
 .debug_abbrev  0x000008d4      0x162 ..\obj\stm32f10x_usart.o
 .debug_abbrev  0x00000a36      0x154 ..\obj\servo.o

.debug_aranges  0x00000000      0x400
 .debug_aranges
                0x00000000       0x40 ..\obj\delay.o
 .debug_aranges
                0x00000040       0x20 ..\obj\motion.o
 .debug_aranges
                0x00000060       0x28 ..\obj\startup_stm32f10x_md_vl.o
 .debug_aranges
                0x00000088       0x38 ..\obj\system_stm32f10x.o
 .debug_aranges
                0x000000c0       0x20 ..\obj\initialsetting_controller.o
 .debug_aranges
                0x000000e0       0xa8 ..\obj\stm32f10x_gpio.o
 .debug_aranges
                0x00000188       0x20 ..\obj\main.o
 .debug_aranges
                0x000001a8      0x120 ..\obj\stm32f10x_rcc.o
 .debug_aranges
                0x000002c8      0x100 ..\obj\stm32f10x_usart.o
 .debug_aranges
                0x000003c8       0x38 ..\obj\servo.o

.debug_ranges   0x00000000      0x360
 .debug_ranges  0x00000000       0x30 ..\obj\delay.o
 .debug_ranges  0x00000030       0x10 ..\obj\motion.o
 .debug_ranges  0x00000040       0x18 ..\obj\startup_stm32f10x_md_vl.o
 .debug_ranges  0x00000058       0x28 ..\obj\system_stm32f10x.o
 .debug_ranges  0x00000080       0x10 ..\obj\initialsetting_controller.o
 .debug_ranges  0x00000090       0x98 ..\obj\stm32f10x_gpio.o
 .debug_ranges  0x00000128       0x10 ..\obj\main.o
 .debug_ranges  0x00000138      0x110 ..\obj\stm32f10x_rcc.o
 .debug_ranges  0x00000248       0xf0 ..\obj\stm32f10x_usart.o
 .debug_ranges  0x00000338       0x28 ..\obj\servo.o

.debug_line     0x00000000     0x1c98
 .debug_line    0x00000000      0x262 ..\obj\delay.o
 .debug_line    0x00000262      0x18e ..\obj\motion.o
 .debug_line    0x000003f0       0xbc ..\obj\startup_stm32f10x_md_vl.o
 .debug_line    0x000004ac      0x24b ..\obj\system_stm32f10x.o
 .debug_line    0x000006f7      0x25e ..\obj\initialsetting_controller.o
 .debug_line    0x00000955      0x410 ..\obj\stm32f10x_gpio.o
 .debug_line    0x00000d65      0x19b ..\obj\main.o
 .debug_line    0x00000f00      0x535 ..\obj\stm32f10x_rcc.o
 .debug_line    0x00001435      0x4f3 ..\obj\stm32f10x_usart.o
 .debug_line    0x00001928      0x370 ..\obj\servo.o

.debug_str      0x00000000     0x1576
 .debug_str     0x00000000      0x541 ..\obj\delay.o
                                0x593 (size before relaxing)
 .debug_str     0x00000541       0x53 ..\obj\motion.o
                                0x17b (size before relaxing)
 .debug_str     0x00000594       0xca ..\obj\startup_stm32f10x_md_vl.o
                                0x161 (size before relaxing)
 .debug_str     0x0000065e      0x120 ..\obj\system_stm32f10x.o
                                0x2f9 (size before relaxing)
 .debug_str     0x0000077e      0x1aa ..\obj\initialsetting_controller.o
                                0x2fa (size before relaxing)
 .debug_str     0x00000928      0x2a0 ..\obj\stm32f10x_gpio.o
                                0x538 (size before relaxing)
 .debug_str     0x00000bc8       0x48 ..\obj\main.o
                                0x170 (size before relaxing)
 .debug_str     0x00000c10      0x434 ..\obj\stm32f10x_rcc.o
                                0x68c (size before relaxing)
 .debug_str     0x00001044      0x45a ..\obj\stm32f10x_usart.o
                                0x6af (size before relaxing)
 .debug_str     0x0000149e       0xd8 ..\obj\servo.o
                                0x461 (size before relaxing)

.comment        0x00000000       0x70
 .comment       0x00000000       0x70 ..\obj\delay.o
                                 0x71 (size before relaxing)
 .comment       0x00000000       0x71 ..\obj\motion.o
 .comment       0x00000000       0x71 ..\obj\startup_stm32f10x_md_vl.o
 .comment       0x00000000       0x71 ..\obj\system_stm32f10x.o
 .comment       0x00000000       0x71 ..\obj\initialsetting_controller.o
 .comment       0x00000000       0x71 ..\obj\stm32f10x_gpio.o
 .comment       0x00000000       0x71 ..\obj\main.o
 .comment       0x00000000       0x71 ..\obj\stm32f10x_rcc.o
 .comment       0x00000000       0x71 ..\obj\stm32f10x_usart.o
 .comment       0x00000000       0x71 ..\obj\servo.o

.ARM.attributes
                0x00000000       0x33
 .ARM.attributes
                0x00000000       0x33 ..\obj\delay.o
 .ARM.attributes
                0x00000033       0x33 ..\obj\motion.o
 .ARM.attributes
                0x00000066       0x33 ..\obj\startup_stm32f10x_md_vl.o
 .ARM.attributes
                0x00000099       0x33 ..\obj\system_stm32f10x.o
 .ARM.attributes
                0x000000cc       0x33 ..\obj\initialsetting_controller.o
 .ARM.attributes
                0x000000ff       0x33 ..\obj\stm32f10x_gpio.o
 .ARM.attributes
                0x00000132       0x33 ..\obj\main.o
 .ARM.attributes
                0x00000165       0x33 ..\obj\stm32f10x_rcc.o
 .ARM.attributes
                0x00000198       0x33 ..\obj\stm32f10x_usart.o
 .ARM.attributes
                0x000001cb       0x33 ..\obj\servo.o

.debug_frame    0x00000000      0xf54
 .debug_frame   0x00000000       0xc0 ..\obj\delay.o
 .debug_frame   0x000000c0       0x30 ..\obj\motion.o
 .debug_frame   0x000000f0       0x4c ..\obj\startup_stm32f10x_md_vl.o
 .debug_frame   0x0000013c       0x98 ..\obj\system_stm32f10x.o
 .debug_frame   0x000001d4       0x34 ..\obj\initialsetting_controller.o
 .debug_frame   0x00000208      0x2d0 ..\obj\stm32f10x_gpio.o
 .debug_frame   0x000004d8       0x2c ..\obj\main.o
 .debug_frame   0x00000504      0x51c ..\obj\stm32f10x_rcc.o
 .debug_frame   0x00000a20      0x490 ..\obj\stm32f10x_usart.o
 .debug_frame   0x00000eb0       0xa4 ..\obj\servo.o
