Archive member included because of file (symbol)

c:/program files (x86)/gnu tools arm embedded/4.9 2015q2/bin/../lib/gcc/arm-none-eabi/4.9.3/../../../../arm-none-eabi/lib/armv7-m\libg.a(lib_a-memset.o)
                              ..\obj\main.o (memset)

Allocating common symbols
Common symbol       size              file

sendbuf             0xc8              ..\obj\main.o
checksum            0x1               ..\obj\main.o
timingdelay         0x4               ..\obj\main.o

Discarded input sections

 .text          0x00000000        0x0 ..\obj\startup_stm32f10x_md_vl.o
 .data          0x00000000        0x0 ..\obj\startup_stm32f10x_md_vl.o
 .bss           0x00000000        0x0 ..\obj\startup_stm32f10x_md_vl.o
 .text          0x00000000        0x0 ..\obj\system_stm32f10x.o
 .bss           0x00000000        0x0 ..\obj\system_stm32f10x.o
 .text.SystemCoreClockUpdate
                0x00000000       0xd4 ..\obj\system_stm32f10x.o
 .text          0x00000000        0x0 ..\obj\stm32f10x_gpio.o
 .data          0x00000000        0x0 ..\obj\stm32f10x_gpio.o
 .bss           0x00000000        0x0 ..\obj\stm32f10x_gpio.o
 .text.GPIO_DeInit
                0x00000000       0xe4 ..\obj\stm32f10x_gpio.o
 .text.GPIO_AFIODeInit
                0x00000000       0x18 ..\obj\stm32f10x_gpio.o
 .text.GPIO_StructInit
                0x00000000       0x28 ..\obj\stm32f10x_gpio.o
 .text.GPIO_ReadInputData
                0x00000000       0x1c ..\obj\stm32f10x_gpio.o
 .text.GPIO_ReadOutputDataBit
                0x00000000       0x34 ..\obj\stm32f10x_gpio.o
 .text.GPIO_ReadOutputData
                0x00000000       0x1c ..\obj\stm32f10x_gpio.o
 .text.GPIO_WriteBit
                0x00000000       0x30 ..\obj\stm32f10x_gpio.o
 .text.GPIO_Write
                0x00000000       0x1c ..\obj\stm32f10x_gpio.o
 .text.GPIO_PinLockConfig
                0x00000000       0x44 ..\obj\stm32f10x_gpio.o
 .text.GPIO_EventOutputConfig
                0x00000000       0x4c ..\obj\stm32f10x_gpio.o
 .text.GPIO_EventOutputCmd
                0x00000000       0x20 ..\obj\stm32f10x_gpio.o
 .text.GPIO_PinRemapConfig
                0x00000000       0xe0 ..\obj\stm32f10x_gpio.o
 .text.GPIO_EXTILineConfig
                0x00000000       0x84 ..\obj\stm32f10x_gpio.o
 .text.GPIO_ETH_MediaInterfaceConfig
                0x00000000       0x1c ..\obj\stm32f10x_gpio.o
 .text          0x00000000        0x0 ..\obj\main.o
 .data          0x00000000        0x0 ..\obj\main.o
 .bss           0x00000000        0x0 ..\obj\main.o
 .text.Conversepacket
                0x00000000       0xec ..\obj\main.o
 .text.Conversepacket_torque
                0x00000000       0xc8 ..\obj\main.o
 .text          0x00000000        0x0 ..\obj\stm32f10x_rcc.o
 .bss           0x00000000        0x0 ..\obj\stm32f10x_rcc.o
 .text.RCC_DeInit
                0x00000000       0x64 ..\obj\stm32f10x_rcc.o
 .text.RCC_HSEConfig
                0x00000000       0x5c ..\obj\stm32f10x_rcc.o
 .text.RCC_WaitForHSEStartUp
                0x00000000       0x50 ..\obj\stm32f10x_rcc.o
 .text.RCC_AdjustHSICalibrationValue
                0x00000000       0x3c ..\obj\stm32f10x_rcc.o
 .text.RCC_HSICmd
                0x00000000       0x20 ..\obj\stm32f10x_rcc.o
 .text.RCC_PLLConfig
                0x00000000       0x3c ..\obj\stm32f10x_rcc.o
 .text.RCC_PLLCmd
                0x00000000       0x20 ..\obj\stm32f10x_rcc.o
 .text.RCC_PREDIV1Config
                0x00000000       0x40 ..\obj\stm32f10x_rcc.o
 .text.RCC_SYSCLKConfig
                0x00000000       0x38 ..\obj\stm32f10x_rcc.o
 .text.RCC_GetSYSCLKSource
                0x00000000       0x20 ..\obj\stm32f10x_rcc.o
 .text.RCC_HCLKConfig
                0x00000000       0x38 ..\obj\stm32f10x_rcc.o
 .text.RCC_PCLK1Config
                0x00000000       0x38 ..\obj\stm32f10x_rcc.o
 .text.RCC_PCLK2Config
                0x00000000       0x38 ..\obj\stm32f10x_rcc.o
 .text.RCC_ITConfig
                0x00000000       0x4c ..\obj\stm32f10x_rcc.o
 .text.RCC_USBCLKConfig
                0x00000000       0x1c ..\obj\stm32f10x_rcc.o
 .text.RCC_ADCCLKConfig
                0x00000000       0x38 ..\obj\stm32f10x_rcc.o
 .text.RCC_LSEConfig
                0x00000000       0x40 ..\obj\stm32f10x_rcc.o
 .text.RCC_LSICmd
                0x00000000       0x20 ..\obj\stm32f10x_rcc.o
 .text.RCC_RTCCLKConfig
                0x00000000       0x24 ..\obj\stm32f10x_rcc.o
 .text.RCC_RTCCLKCmd
                0x00000000       0x20 ..\obj\stm32f10x_rcc.o
 .text.RCC_AHBPeriphClockCmd
                0x00000000       0x3c ..\obj\stm32f10x_rcc.o
 .text.RCC_APB1PeriphClockCmd
                0x00000000       0x3c ..\obj\stm32f10x_rcc.o
 .text.RCC_APB2PeriphResetCmd
                0x00000000       0x3c ..\obj\stm32f10x_rcc.o
 .text.RCC_APB1PeriphResetCmd
                0x00000000       0x3c ..\obj\stm32f10x_rcc.o
 .text.RCC_BackupResetCmd
                0x00000000       0x20 ..\obj\stm32f10x_rcc.o
 .text.RCC_ClockSecuritySystemCmd
                0x00000000       0x20 ..\obj\stm32f10x_rcc.o
 .text.RCC_MCOConfig
                0x00000000       0x20 ..\obj\stm32f10x_rcc.o
 .text.RCC_GetFlagStatus
                0x00000000       0x74 ..\obj\stm32f10x_rcc.o
 .text.RCC_ClearFlag
                0x00000000       0x1c ..\obj\stm32f10x_rcc.o
 .text.RCC_GetITStatus
                0x00000000       0x38 ..\obj\stm32f10x_rcc.o
 .text.RCC_ClearITPendingBit
                0x00000000       0x20 ..\obj\stm32f10x_rcc.o
 .text          0x00000000        0x0 ..\obj\stm32f10x_usart.o
 .data          0x00000000        0x0 ..\obj\stm32f10x_usart.o
 .bss           0x00000000        0x0 ..\obj\stm32f10x_usart.o
 .text.USART_DeInit
                0x00000000       0xb8 ..\obj\stm32f10x_usart.o
 .text.USART_StructInit
                0x00000000       0x38 ..\obj\stm32f10x_usart.o
 .text.USART_ClockInit
                0x00000000       0x58 ..\obj\stm32f10x_usart.o
 .text.USART_ClockStructInit
                0x00000000       0x2c ..\obj\stm32f10x_usart.o
 .text.USART_ITConfig
                0x00000000       0x90 ..\obj\stm32f10x_usart.o
 .text.USART_DMACmd
                0x00000000       0x48 ..\obj\stm32f10x_usart.o
 .text.USART_SetAddress
                0x00000000       0x38 ..\obj\stm32f10x_usart.o
 .text.USART_WakeUpConfig
                0x00000000       0x38 ..\obj\stm32f10x_usart.o
 .text.USART_ReceiverWakeUpCmd
                0x00000000       0x40 ..\obj\stm32f10x_usart.o
 .text.USART_LINBreakDetectLengthConfig
                0x00000000       0x38 ..\obj\stm32f10x_usart.o
 .text.USART_LINCmd
                0x00000000       0x40 ..\obj\stm32f10x_usart.o
 .text.USART_ReceiveData
                0x00000000       0x20 ..\obj\stm32f10x_usart.o
 .text.USART_SendBreak
                0x00000000       0x24 ..\obj\stm32f10x_usart.o
 .text.USART_SetGuardTime
                0x00000000       0x3c ..\obj\stm32f10x_usart.o
 .text.USART_SetPrescaler
                0x00000000       0x38 ..\obj\stm32f10x_usart.o
 .text.USART_SmartCardCmd
                0x00000000       0x40 ..\obj\stm32f10x_usart.o
 .text.USART_SmartCardNACKCmd
                0x00000000       0x40 ..\obj\stm32f10x_usart.o
 .text.USART_HalfDuplexCmd
                0x00000000       0x40 ..\obj\stm32f10x_usart.o
 .text.USART_OverSampling8Cmd
                0x00000000       0x44 ..\obj\stm32f10x_usart.o
 .text.USART_OneBitMethodCmd
                0x00000000       0x40 ..\obj\stm32f10x_usart.o
 .text.USART_IrDAConfig
                0x00000000       0x38 ..\obj\stm32f10x_usart.o
 .text.USART_IrDACmd
                0x00000000       0x40 ..\obj\stm32f10x_usart.o
 .text.USART_ClearFlag
                0x00000000       0x20 ..\obj\stm32f10x_usart.o
 .text.USART_GetITStatus
                0x00000000       0xb8 ..\obj\stm32f10x_usart.o
 .text.USART_ClearITPendingBit
                0x00000000       0x38 ..\obj\stm32f10x_usart.o
 .text          0x00000000        0x0 ..\obj\syscalls.o
 .data          0x00000000        0x0 ..\obj\syscalls.o
 .bss           0x00000000        0x4 ..\obj\syscalls.o
 .text._sbrk    0x00000000       0x40 ..\obj\syscalls.o
 .text.link     0x00000000       0x1c ..\obj\syscalls.o
 .text._close   0x00000000       0x18 ..\obj\syscalls.o
 .text._fstat   0x00000000       0x20 ..\obj\syscalls.o
 .text._isatty  0x00000000       0x18 ..\obj\syscalls.o
 .text._lseek   0x00000000       0x1c ..\obj\syscalls.o
 .text._read    0x00000000       0x1c ..\obj\syscalls.o
 .text._write   0x00000000       0x1c ..\obj\syscalls.o
 .text.abort    0x00000000        0x8 ..\obj\syscalls.o
 .debug_info    0x00000000      0x3ee ..\obj\syscalls.o
 .debug_abbrev  0x00000000       0xe2 ..\obj\syscalls.o
 .debug_aranges
                0x00000000       0x60 ..\obj\syscalls.o
 .debug_ranges  0x00000000       0x50 ..\obj\syscalls.o
 .debug_line    0x00000000      0x189 ..\obj\syscalls.o
 .debug_str     0x00000000      0x2f5 ..\obj\syscalls.o
 .comment       0x00000000       0x71 ..\obj\syscalls.o
 .debug_frame   0x00000000      0x168 ..\obj\syscalls.o
 .ARM.attributes
                0x00000000       0x33 ..\obj\syscalls.o
 .text          0x00000000        0x0 ..\obj\misc.o
 .data          0x00000000        0x0 ..\obj\misc.o
 .bss           0x00000000        0x0 ..\obj\misc.o
 .text.NVIC_PriorityGroupConfig
                0x00000000       0x24 ..\obj\misc.o
 .text.NVIC_Init
                0x00000000       0xc4 ..\obj\misc.o
 .text.NVIC_SetVectorTable
                0x00000000       0x2c ..\obj\misc.o
 .text.NVIC_SystemLPConfig
                0x00000000       0x40 ..\obj\misc.o
 .text.SysTick_CLKSourceConfig
                0x00000000       0x38 ..\obj\misc.o
 .debug_info    0x00000000      0x53d ..\obj\misc.o
 .debug_abbrev  0x00000000      0x145 ..\obj\misc.o
 .debug_aranges
                0x00000000       0x40 ..\obj\misc.o
 .debug_ranges  0x00000000       0x30 ..\obj\misc.o
 .debug_line    0x00000000      0x292 ..\obj\misc.o
 .debug_str     0x00000000      0x3da ..\obj\misc.o
 .comment       0x00000000       0x71 ..\obj\misc.o
 .debug_frame   0x00000000       0xd8 ..\obj\misc.o
 .ARM.attributes
                0x00000000       0x33 ..\obj\misc.o
 .text          0x00000000        0x0 c:/program files (x86)/gnu tools arm embedded/4.9 2015q2/bin/../lib/gcc/arm-none-eabi/4.9.3/../../../../arm-none-eabi/lib/armv7-m\libg.a(lib_a-memset.o)
 .data          0x00000000        0x0 c:/program files (x86)/gnu tools arm embedded/4.9 2015q2/bin/../lib/gcc/arm-none-eabi/4.9.3/../../../../arm-none-eabi/lib/armv7-m\libg.a(lib_a-memset.o)
 .bss           0x00000000        0x0 c:/program files (x86)/gnu tools arm embedded/4.9 2015q2/bin/../lib/gcc/arm-none-eabi/4.9.3/../../../../arm-none-eabi/lib/armv7-m\libg.a(lib_a-memset.o)
 .text.memset   0x00000000       0x9c c:/program files (x86)/gnu tools arm embedded/4.9 2015q2/bin/../lib/gcc/arm-none-eabi/4.9.3/../../../../arm-none-eabi/lib/armv7-m\libg.a(lib_a-memset.o)
 .debug_frame   0x00000000       0x34 c:/program files (x86)/gnu tools arm embedded/4.9 2015q2/bin/../lib/gcc/arm-none-eabi/4.9.3/../../../../arm-none-eabi/lib/armv7-m\libg.a(lib_a-memset.o)
 .ARM.attributes
                0x00000000       0x2d c:/program files (x86)/gnu tools arm embedded/4.9 2015q2/bin/../lib/gcc/arm-none-eabi/4.9.3/../../../../arm-none-eabi/lib/armv7-m\libg.a(lib_a-memset.o)

Memory Configuration

Name             Origin             Length             Attributes
rom              0x08000000         0x00020000         xr
ram              0x20000000         0x00002000         xrw
*default*        0x00000000         0xffffffff

Linker script and memory map

                0x20002000                _eram = 0x20002000

.text           0x08000000      0xb00
 *(.isr_vector)
 .isr_vector    0x08000000      0x124 ..\obj\startup_stm32f10x_md_vl.o
                0x08000000                g_pfnVectors
 *(.text*)
 .text.Default_Reset_Handler
                0x08000124       0x5c ..\obj\startup_stm32f10x_md_vl.o
                0x08000124                Default_Reset_Handler
                0x08000124                Reset_Handler
 .text.Default_Handler
                0x08000180        0x8 ..\obj\startup_stm32f10x_md_vl.o
                0x08000180                EXTI2_IRQHandler
                0x08000180                DebugMon_Handler
                0x08000180                TIM1_CC_IRQHandler
                0x08000180                HardFault_Handler
                0x08000180                PVD_IRQHandler
                0x08000180                PendSV_Handler
                0x08000180                NMI_Handler
                0x08000180                EXTI3_IRQHandler
                0x08000180                EXTI0_IRQHandler
                0x08000180                I2C2_EV_IRQHandler
                0x08000180                TIM1_UP_TIM16_IRQHandler
                0x08000180                UsageFault_Handler
                0x08000180                SPI1_IRQHandler
                0x08000180                TAMPER_IRQHandler
                0x08000180                TIM6_DAC_IRQHandler
                0x08000180                DMA1_Channel4_IRQHandler
                0x08000180                ADC1_IRQHandler
                0x08000180                USART3_IRQHandler
                0x08000180                RTC_IRQHandler
                0x08000180                DMA1_Channel7_IRQHandler
                0x08000180                TIM4_IRQHandler
                0x08000180                I2C1_EV_IRQHandler
                0x08000180                DMA1_Channel6_IRQHandler
                0x08000180                TIM3_IRQHandler
                0x08000180                RCC_IRQHandler
                0x08000180                DMA1_Channel1_IRQHandler
                0x08000180                CEC_IRQHandler
                0x08000180                EXTI15_10_IRQHandler
                0x08000180                TIM7_IRQHandler
                0x08000180                EXTI9_5_IRQHandler
                0x08000180                SPI2_IRQHandler
                0x08000180                MemManage_Handler
                0x08000180                SVC_Handler
                0x08000180                DMA1_Channel5_IRQHandler
                0x08000180                EXTI4_IRQHandler
                0x08000180                TIM1_TRG_COM_TIM17_IRQHandler
                0x08000180                DMA1_Channel3_IRQHandler
                0x08000180                WWDG_IRQHandler
                0x08000180                TIM2_IRQHandler
                0x08000180                EXTI1_IRQHandler
                0x08000180                RTCAlarm_IRQHandler
                0x08000180                USART2_IRQHandler
                0x08000180                I2C2_ER_IRQHandler
                0x08000180                DMA1_Channel2_IRQHandler
                0x08000180                FLASH_IRQHandler
                0x08000180                BusFault_Handler
                0x08000180                USART1_IRQHandler
                0x08000180                I2C1_ER_IRQHandler
                0x08000180                TIM1_BRK_TIM15_IRQHandler
 .text.SystemInit
                0x08000188       0x6c ..\obj\system_stm32f10x.o
                0x08000188                SystemInit
 .text.SetSysClock
                0x080001f4        0xc ..\obj\system_stm32f10x.o
 .text.SetSysClockTo24
                0x08000200       0xd4 ..\obj\system_stm32f10x.o
 .text.GPIO_Init
                0x080002d4      0x180 ..\obj\stm32f10x_gpio.o
                0x080002d4                GPIO_Init
 .text.GPIO_ReadInputDataBit
                0x08000454       0x34 ..\obj\stm32f10x_gpio.o
                0x08000454                GPIO_ReadInputDataBit
 .text.GPIO_SetBits
                0x08000488       0x1c ..\obj\stm32f10x_gpio.o
                0x08000488                GPIO_SetBits
 .text.GPIO_ResetBits
                0x080004a4       0x1c ..\obj\stm32f10x_gpio.o
                0x080004a4                GPIO_ResetBits
 .text.NVIC_SetPriority
                0x080004c0       0x54 ..\obj\main.o
 .text.SysTick_Config
                0x08000514       0x44 ..\obj\main.o
 .text.main     0x08000558       0xf0 ..\obj\main.o
                0x08000558                main
 .text.GPIO_Configuration
                0x08000648       0x48 ..\obj\main.o
                0x08000648                GPIO_Configuration
 .text.USART1_Configuration
                0x08000690       0x7c ..\obj\main.o
                0x08000690                USART1_Configuration
 .text.SysTick_Handler
                0x0800070c       0x24 ..\obj\main.o
                0x0800070c                SysTick_Handler
 .text.tdelay   0x08000730       0x28 ..\obj\main.o
                0x08000730                tdelay
 .text.RCC_GetClocksFreq
                0x08000758      0x15c ..\obj\stm32f10x_rcc.o
                0x08000758                RCC_GetClocksFreq
 .text.RCC_APB2PeriphClockCmd
                0x080008b4       0x3c ..\obj\stm32f10x_rcc.o
                0x080008b4                RCC_APB2PeriphClockCmd
 .text.USART_Init
                0x080008f0      0x174 ..\obj\stm32f10x_usart.o
                0x080008f0                USART_Init
 .text.USART_Cmd
                0x08000a64       0x40 ..\obj\stm32f10x_usart.o
                0x08000a64                USART_Cmd
 .text.USART_SendData
                0x08000aa4       0x24 ..\obj\stm32f10x_usart.o
                0x08000aa4                USART_SendData
 .text.USART_GetFlagStatus
                0x08000ac8       0x38 ..\obj\stm32f10x_usart.o
                0x08000ac8                USART_GetFlagStatus
 *(.init)
 *(.fini)
 *crtbegin.o(.ctors)
 *crtbegin?.o(.ctors)
 *(EXCLUDE_FILE(*crtend.o *crtend?.o) .ctors)
 *(SORT(.ctors.*))
 *(.ctors)
 *crtbegin.o(.dtors)
 *crtbegin?.o(.dtors)
 *(EXCLUDE_FILE(*crtend.o *crtend?.o) .dtors)
 *(SORT(.dtors.*))
 *(.dtors)
 *(.rodata*)
 *(.eh_fram e*)

.glue_7         0x08000b00        0x0
 .glue_7        0x00000000        0x0 linker stubs

.glue_7t        0x08000b00        0x0
 .glue_7t       0x00000000        0x0 linker stubs

.vfp11_veneer   0x08000b00        0x0
 .vfp11_veneer  0x00000000        0x0 linker stubs

.v4_bx          0x08000b00        0x0
 .v4_bx         0x00000000        0x0 linker stubs

.iplt           0x08000b00        0x0
 .iplt          0x00000000        0x0 ..\obj\startup_stm32f10x_md_vl.o

.rel.dyn        0x08000b00        0x0
 .rel.iplt      0x00000000        0x0 ..\obj\startup_stm32f10x_md_vl.o

.ARM.extab
 *(.ARM.extab* .gnu.linkonce.armextab.*)
                0x08000b00                __exidx_start = .

.ARM.exidx
 *(.ARM.exidx* .gnu.linkonce.armexidx.*)
                0x08000b00                __exidx_end = .
                0x08000b00                __etext = .
                0x08000b00                _sidata = __etext

.data           0x20000000       0x28 load address 0x08000b00
                0x20000000                __data_start__ = .
                0x20000000                _sdata = __data_start__
 *(vtable)
 *(.data*)
 .data          0x20000000       0x14 ..\obj\system_stm32f10x.o
                0x20000000                SystemCoreClock
                0x20000004                AHBPrescTable
 .data          0x20000014       0x14 ..\obj\stm32f10x_rcc.o
                0x20000028                . = ALIGN (0x4)
                0x20000028                PROVIDE (__preinit_array_start, .)
 *(.preinit_array)
                0x20000028                PROVIDE (__preinit_array_end, .)
                0x20000028                . = ALIGN (0x4)
                0x20000028                PROVIDE (__init_array_start, .)
 *(SORT(.init_array.*))
 *(.init_array)
                0x20000028                PROVIDE (__init_array_end, .)
                0x20000028                . = ALIGN (0x4)
                0x20000028                PROVIDE (__fini_array_start, .)
 *(SORT(.fini_array.*))
 *(.fini_array)
                0x20000028                PROVIDE (__fini_array_end, .)
 *(.jcr*)
                0x20000028                . = ALIGN (0x4)
                0x20000028                __data_end__ = .
                0x20000028                _edata = __data_end__

.igot.plt       0x20000028        0x0 load address 0x08000b28
 .igot.plt      0x00000000        0x0 ..\obj\startup_stm32f10x_md_vl.o

.bss            0x20000028       0xd0 load address 0x08000b28
                0x20000028                . = ALIGN (0x4)
                0x20000028                __bss_start__ = .
                0x20000028                _sbss = __bss_start__
 *(.bss*)
 *(COMMON)
 COMMON         0x20000028       0xd0 ..\obj\main.o
                0x20000028                sendbuf
                0x200000f0                checksum
                0x200000f4                timingdelay
                0x200000f8                . = ALIGN (0x4)
                0x200000f8                __bss_end__ = .
                0x200000f8                _ebss = __bss_end__

.heap           0x200000f8        0x0
                0x200000f8                __end__ = .
                0x200000f8                _end = __end__
                0x200000f8                end = __end__
 *(.heap*)
                0x200000f8                __HeapLimit = .

.co_stack       0x200000f8      0x400 load address 0x08000bf8
                0x200000f8                . = ALIGN (0x8)
 *(.co_stack .co_stack.*)
 .co_stack      0x200000f8      0x400 ..\obj\startup_stm32f10x_md_vl.o
                0x200000f8                pulStack
                0x20002000                __StackTop = (ORIGIN (ram) + 0x2000)
                0x20001c00                __StackLimit = (__StackTop - SIZEOF (.co_stack))
                0x20002000                PROVIDE (__stack, __StackTop)
                0x00000001                ASSERT ((__StackLimit >= __HeapLimit), region ram  overflowed with stack)
LOAD ..\obj\startup_stm32f10x_md_vl.o
LOAD ..\obj\system_stm32f10x.o
LOAD ..\obj\stm32f10x_gpio.o
LOAD ..\obj\main.o
LOAD ..\obj\stm32f10x_rcc.o
LOAD ..\obj\stm32f10x_usart.o
LOAD ..\obj\syscalls.o
LOAD ..\obj\misc.o
START GROUP
LOAD c:/program files (x86)/gnu tools arm embedded/4.9 2015q2/bin/../lib/gcc/arm-none-eabi/4.9.3/armv7-m\libgcc.a
LOAD c:/program files (x86)/gnu tools arm embedded/4.9 2015q2/bin/../lib/gcc/arm-none-eabi/4.9.3/../../../../arm-none-eabi/lib/armv7-m\libg.a
LOAD c:/program files (x86)/gnu tools arm embedded/4.9 2015q2/bin/../lib/gcc/arm-none-eabi/4.9.3/../../../../arm-none-eabi/lib/armv7-m\libc.a
END GROUP
OUTPUT(test0909.elf elf32-littlearm)

.debug_info     0x00000000     0x28c5
 .debug_info    0x00000000       0xe9 ..\obj\startup_stm32f10x_md_vl.o
 .debug_info    0x000000e9      0x41a ..\obj\system_stm32f10x.o
 .debug_info    0x00000503      0x6e7 ..\obj\stm32f10x_gpio.o
 .debug_info    0x00000bea      0x9f9 ..\obj\main.o
 .debug_info    0x000015e3      0x8fa ..\obj\stm32f10x_rcc.o
 .debug_info    0x00001edd      0x9e8 ..\obj\stm32f10x_usart.o

.debug_abbrev   0x00000000      0x92a
 .debug_abbrev  0x00000000       0xa7 ..\obj\startup_stm32f10x_md_vl.o
 .debug_abbrev  0x000000a7      0x14c ..\obj\system_stm32f10x.o
 .debug_abbrev  0x000001f3      0x1c8 ..\obj\stm32f10x_gpio.o
 .debug_abbrev  0x000003bb      0x253 ..\obj\main.o
 .debug_abbrev  0x0000060e      0x1ba ..\obj\stm32f10x_rcc.o
 .debug_abbrev  0x000007c8      0x162 ..\obj\stm32f10x_usart.o

.debug_aranges  0x00000000      0x388
 .debug_aranges
                0x00000000       0x28 ..\obj\startup_stm32f10x_md_vl.o
 .debug_aranges
                0x00000028       0x38 ..\obj\system_stm32f10x.o
 .debug_aranges
                0x00000060       0xa8 ..\obj\stm32f10x_gpio.o
 .debug_aranges
                0x00000108       0x60 ..\obj\main.o
 .debug_aranges
                0x00000168      0x120 ..\obj\stm32f10x_rcc.o
 .debug_aranges
                0x00000288      0x100 ..\obj\stm32f10x_usart.o

.debug_ranges   0x00000000      0x328
 .debug_ranges  0x00000000       0x18 ..\obj\startup_stm32f10x_md_vl.o
 .debug_ranges  0x00000018       0x28 ..\obj\system_stm32f10x.o
 .debug_ranges  0x00000040       0x98 ..\obj\stm32f10x_gpio.o
 .debug_ranges  0x000000d8       0x50 ..\obj\main.o
 .debug_ranges  0x00000128      0x110 ..\obj\stm32f10x_rcc.o
 .debug_ranges  0x00000238       0xf0 ..\obj\stm32f10x_usart.o

.debug_line     0x00000000     0x14fd
 .debug_line    0x00000000       0xb9 ..\obj\startup_stm32f10x_md_vl.o
 .debug_line    0x000000b9      0x245 ..\obj\system_stm32f10x.o
 .debug_line    0x000002fe      0x404 ..\obj\stm32f10x_gpio.o
 .debug_line    0x00000702      0x3eb ..\obj\main.o
 .debug_line    0x00000aed      0x529 ..\obj\stm32f10x_rcc.o
 .debug_line    0x00001016      0x4e7 ..\obj\stm32f10x_usart.o

.debug_str      0x00000000     0x1464
 .debug_str     0x00000000      0x14c ..\obj\startup_stm32f10x_md_vl.o
                                0x15e (size before relaxing)
 .debug_str     0x0000014c      0x207 ..\obj\system_stm32f10x.o
                                0x2f6 (size before relaxing)
 .debug_str     0x00000353      0x3c9 ..\obj\stm32f10x_gpio.o
                                0x535 (size before relaxing)
 .debug_str     0x0000071c      0x55a ..\obj\main.o
                                0x870 (size before relaxing)
 .debug_str     0x00000c76      0x431 ..\obj\stm32f10x_rcc.o
                                0x689 (size before relaxing)
 .debug_str     0x000010a7      0x3bd ..\obj\stm32f10x_usart.o
                                0x6ac (size before relaxing)

.comment        0x00000000       0x70
 .comment       0x00000000       0x70 ..\obj\startup_stm32f10x_md_vl.o
                                 0x71 (size before relaxing)
 .comment       0x00000000       0x71 ..\obj\system_stm32f10x.o
 .comment       0x00000000       0x71 ..\obj\stm32f10x_gpio.o
 .comment       0x00000000       0x71 ..\obj\main.o
 .comment       0x00000000       0x71 ..\obj\stm32f10x_rcc.o
 .comment       0x00000000       0x71 ..\obj\stm32f10x_usart.o

.ARM.attributes
                0x00000000       0x33
 .ARM.attributes
                0x00000000       0x33 ..\obj\startup_stm32f10x_md_vl.o
 .ARM.attributes
                0x00000033       0x33 ..\obj\system_stm32f10x.o
 .ARM.attributes
                0x00000066       0x33 ..\obj\stm32f10x_gpio.o
 .ARM.attributes
                0x00000099       0x33 ..\obj\main.o
 .ARM.attributes
                0x000000cc       0x33 ..\obj\stm32f10x_rcc.o
 .ARM.attributes
                0x000000ff       0x33 ..\obj\stm32f10x_usart.o

.debug_frame    0x00000000      0xeb0
 .debug_frame   0x00000000       0x4c ..\obj\startup_stm32f10x_md_vl.o
 .debug_frame   0x0000004c       0x98 ..\obj\system_stm32f10x.o
 .debug_frame   0x000000e4      0x2d0 ..\obj\stm32f10x_gpio.o
 .debug_frame   0x000003b4      0x150 ..\obj\main.o
 .debug_frame   0x00000504      0x51c ..\obj\stm32f10x_rcc.o
 .debug_frame   0x00000a20      0x490 ..\obj\stm32f10x_usart.o
